I'm sorry, but errors were detected in your script. Please correct the
errors listed below, and try again.


File "game/script.rpy", line 32: expected 'image_name_component' not found.
    show "darken.png"
         ^

Ren'Py Version: Ren'Py 7.4.8.1895
Wed Aug 11 18:07:38 2021
